R 384
R 609728
R 39424
R 609664
R 609152
R 39488
R 526208
R 601536
R 522688
R 39552
R 88832
R 609792
R 88896
R 388032
R 601664
R 88960
R 387968
R 89024
R 603456
R 89088
R 603328
R 609856
R 603392
R 89152
R 609920
R 609984
R 388096
R 603520
R 522752
R 610048
R 78464
R 609344
R 39616
R 39680
R 40896
R 40192
R 609088
R 40256
R 64
R 40320
R 128
R 192
R 256
R 39744
R 90688
R 90560
R 90624
R 526784
R 106112
R 106176
R 90432
R 90496
R 89216
R 107264
R 609024
R 107328
R 72960
R 388416
R 73024
R 73792
R 73856
R 107392
R 107456
R 89280
R 464640
R 73088
R 208064
R 208128
R 603264
R 89984
R 601728
R 63808
R 608960
R 63872
R 526016
R 67008
R 66176
R 66240
R 601408
R 66304
R 79872
R 66496
R 599168
R 601344
R 601472
R 66368
R 599104
R 523008
R 66432
R 82880
R 608896
R 82944
R 608832
R 64000
R 63936
R 64064
R 56704
R 608768
R 56768
R 56832
R 599424
R 56896
R 57472
R 608704
R 53888
R 608640
R 54208
R 50304
R 599296
R 599360
R 599488
R 599552
R 599616
R 599680
R 599744
R 599808
R 599872
R 599936
R 600000
R 600064
R 600128
R 600192
R 600256
R 600320
R 600384
R 600448
R 600512
R 600576
R 600640
R 600704
R 600768
R 600832
R 600896
R 600960
R 601024
R 601088
R 601152
R 601216
R 601280
R 50368
R 56960
R 57024
R 57088
R 57536
R 57600
R 57856
R 58112
R 58176
R 58240
R 58624
R 58688
R 526080
R 71040
R 79744
R 602304
R 200960
R 79808
R 58752
R 58816
R 59264
R 59328
R 59392
R 59456
R 614400
R 59520
R 58368
R 58432
R 599232
R 58048
R 614464
R 83008
R 614528
R 83072
R 527424
R 83136
R 83200
R 66560
R 66624
R 522816
R 208192
R 616192
R 208256
R 403008
R 614592
R 208320
R 208384
R 614656
R 208448
R 89344
R 388480
R 89408
R 89472
R 89536
R 89600
R 89664
R 388544
R 89792
R 89856
R 89920
R 526144
R 82240
R 82304
R 173568
R 171456
R 171520
R 610112
R 171776
R 171840
R 173632
R 171584
R 610176
R 171712
R 82368
R 43648
R 43328
R 523968
R 43392
R 598080
R 43456
R 43520
R 43712
R 39808
R 40960
R 320
R 448
R 522944
R 512
R 576
R 34112
R 33984
R 484416
R 529600
R 529536
R 34048
R 595264
R 520192
R 380032
R 41088
R 41152
R 597952
R 78720
R 41216
R 78912
R 78976
R 78848
R 380096
R 41024
R 640
R 43776
R 43840
R 113536
R 607552
R 113600
R 607232
R 607488
R 524928
R 113664
R 524736
R 113728
R 607808
R 113792
R 607744
R 148160
R 382016
R 148224
R 148288
R 607680
R 113856
R 122048
R 147968
R 148032
R 113920
R 397376
R 169024
R 607168
R 169088
R 169152
R 524800
R 169216
R 169280
R 166400
R 607104
R 166464
R 46848
R 397440
R 310976
R 524864
R 311040
R 397504
R 606912
R 168640
R 78592
R 78656
R 606976
R 311168
R 311104
R 82176
R 46656
R 46720
R 46784
R 46912
R 166528
R 166784
R 166592
R 166656
R 163456
R 169344
R 46976
R 47040
R 47104
R 618496
R 607040
R 163136
R 163200
R 163328
R 168832
R 168896
R 79040
R 79104
R 168960
R 163264
R 163392
R 113984
R 114432
R 114496
R 43136
R 43200
R 348544
R 603136
R 348608
R 34624
R 34368
R 34432
R 34560
R 34496
R 43264
R 484288
R 49088
R 48448
R 48512
R 524096
R 524288
R 48704
R 524160
R 48576
R 48640
R 524224
R 525568
R 525440
R 525504
R 49152
R 49216
R 163008
R 47296
R 47360
R 166912
R 167040
R 47488
R 47424
R 163072
R 525376
R 78528
